app - some brief description

this is a very long description

USAGE: app [OPTIONS...] [OPERANDS...]

Options:
  -h, --help
      Show this help message.

  -i, --aint
      sets a int value

  -s, --astring
      sets a string value
