app - some brief description

Options:

  -h, --help
      Show this help message.
