app - some brief description

this is a very long description

USAGE: app [OPTIONS...] COMMAND

Options:
  -h, --help
      Show this help message.

Commands:
  add   Sums two numbers.
  sub   Subtract two numbers.
