app add deep - A deep subcommand.

This is a deep subcommand.
