app - some brief description

this is a very long description

Options:

  -h, --help
      Show this help message.
