app

Options:

  -h, --help
      Show this help message.
