app - some brief description

this is a very long description

USAGE: app [OPTIONS...] [OPERANDS...]

Options:

  -i, --aint
      sets a int value

  -s, --astring
      sets a string value
