app - some brief description

USAGE: app src? dst...
