app - some brief description

this is a very long description

Options:

  --aint
      sets a int value

  -h, --help
      Show this help message.

  -s
      sets a string value
