app add - Sums two numbers.

Runs a computation that returns the sum of two specified numbers.

USAGE: app add [OPTIONS...] COMMAND

Options:

  -h, --help
      Show this help message.

Commands:
  deep   A deep subcommand.
