app add - Sums two numbers.

Runs a computation that returns the sum of two specified numbers.

Options:

  -h, --help
      Show this help message.
