app - some brief description

USAGE: my custom usage text
